[root@juntosctl scripts]# ./dns-tests.sh
=== DNS Server Test ===

; <<>> DiG 9.16.23-RH <<>> @192.168.122.100 google.com
; (1 server found)
;; global options: +cmd
;; Got answer:
;; ->>HEADER<<- opcode: QUERY, status: SERVFAIL, id: 47692
;; flags: qr rd ra; QUERY: 1, ANSWER: 0, AUTHORITY: 0, ADDITIONAL: 1

;; OPT PSEUDOSECTION:
; EDNS: version: 0, flags:; udp: 1232
; COOKIE: 2602a0f17e20c51c010000006ac397c9f8e7ed5af392dabc (good)
;; QUESTION SECTION:
;google.com.			IN	A

;; Query time: 983 msec
;; SERVER: 192.168.122.100#53(192.168.122.100)
;; WHEN: Mon Oct 05 15:27:53 EAT 2026
;; MSG SIZE  rcvd: 67


=== DNS Cache Test ===
First query:

; <<>> DiG 9.16.23-RH <<>> @192.168.122.100 redhat.com +stats
; (1 server found)
;; global options: +cmd
;; Got answer:
;; ->>HEADER<<- opcode: QUERY, status: NOERROR, id: 15123
;; flags: qr rd ra; QUERY: 1, ANSWER: 2, AUTHORITY: 0, ADDITIONAL: 1

;; OPT PSEUDOSECTION:
; EDNS: version: 0, flags:; udp: 1232
; COOKIE: 7b08d41434bf560f010000006ac397cb1d5597e5ffb162e5 (good)
;; QUESTION SECTION:
;redhat.com.			IN	A

;; ANSWER SECTION:
redhat.com.		3600	IN	A	52.200.142.250
redhat.com.		3600	IN	A	34.235.198.240

;; Query time: 2054 msec
;; SERVER: 192.168.122.100#53(192.168.122.100)
;; WHEN: Mon Oct 05 15:27:55 EAT 2026
;; MSG SIZE  rcvd: 99


Second query:

; <<>> DiG 9.16.23-RH <<>> @192.168.122.100 redhat.com +stats
; (1 server found)
;; global options: +cmd
;; Got answer:
;; ->>HEADER<<- opcode: QUERY, status: NOERROR, id: 49093
;; flags: qr rd ra; QUERY: 1, ANSWER: 2, AUTHORITY: 0, ADDITIONAL: 1

;; OPT PSEUDOSECTION:
; EDNS: version: 0, flags:; udp: 1232
; COOKIE: 47425939777c9199010000006ac397cb9b35a4f5647ec847 (good)
;; QUESTION SECTION:
;redhat.com.			IN	A

;; ANSWER SECTION:
redhat.com.		3600	IN	A	34.235.198.240
redhat.com.		3600	IN	A	52.200.142.250

;; Query time: 3 msec
;; SERVER: 192.168.122.100#53(192.168.122.100)
;; WHEN: Mon Oct 05 15:27:55 EAT 2026
;; MSG SIZE  rcvd: 99


=== DNSSEC Validation Test ===

; <<>> DiG 9.16.23-RH <<>> @192.168.122.100 dnssec-failed.org
; (1 server found)
;; global options: +cmd
;; Got answer:
;; ->>HEADER<<- opcode: QUERY, status: SERVFAIL, id: 27946
;; flags: qr rd ra; QUERY: 1, ANSWER: 0, AUTHORITY: 0, ADDITIONAL: 1

;; OPT PSEUDOSECTION:
; EDNS: version: 0, flags:; udp: 1232
; COOKIE: ac8f2e4aab715129010000006ac397cf702cd9bb2b7e6692 (good)
;; QUESTION SECTION:
;dnssec-failed.org.		IN	A

;; Query time: 4001 msec
;; SERVER: 192.168.122.100#53(192.168.122.100)
;; WHEN: Mon Oct 05 15:27:59 EAT 2026
;; MSG SIZE  rcvd: 74

[root@juntosctl scripts]# 
